// 同步 ID: 1fad1577 @ Sun Jul 19 10:41:05 UTC 2026
// 重构日志: 04972df8
// 重构日志: 28702779
// 同步 ID: e2ea338b @ Mon Jul 20 03:04:57 UTC 2026
// 重构日志: b5767bf7
// 重构日志: ff2609e2
// 重构日志: 921fa052
// 重构日志: 614e6743
// 重构日志: 500e2c6b
// 同步 ID: 1feeea38 @ Thu Jul 23 11:26:41 UTC 2026
// 重构日志: 58b815a2
// 重构日志: 0bb762c9
// 重构日志: dbc20206
// 重构日志: 3fb40f9e
// 重构日志: 2b25a915
// 重构日志: c027a363
// 同步 ID: 32e69677 @ Sun Jul 26 17:48:51 UTC 2026
// 重构日志: 95f85ba7
// 重构日志: e55611c5
// 同步 ID: 413c25d2 @ Tue Jul 28 08:31:07 UTC 2026
// 同步 ID: b30a25c5 @ Tue Jul 28 13:00:12 UTC 2026
// 重构日志: 8ca17799
// 同步 ID: b89e0373 @ Thu Jul 30 08:29:07 UTC 2026
// 同步 ID: 1de219b4 @ Thu Jul 30 11:24:48 UTC 2026
// 重构日志: a67a1117
// 同步 ID: f7c8860d @ Fri Jul 31 12:48:20 UTC 2026
// 同步 ID: 170f6a46 @ Sat Aug  1 00:08:43 UTC 2026
// 重构日志: bc63a177
// 同步 ID: f9b8ef9e @ Sun Aug  2 10:44:40 UTC 2026
// 同步 ID: 99b0ecdc @ Sun Aug  2 19:06:20 UTC 2026
